
> TrustLab by DyzulkDev@1.0.0 build
> next build

   Γû▓ Next.js 16.0.10 (Turbopack)
   - Environments: .env.local

   Creating an optimized production build ...
 Γ£ô Compiled successfully in 13.9s
   Running TypeScript ...
   Collecting page data using 15 workers ...
   Generating static pages using 15 workers (0/35) ...
   Generating static pages using 15 workers (8/35) 
   Generating static pages using 15 workers (17/35) 
   Generating static pages using 15 workers (26/35) 
 Γ£ô Generating static pages using 15 workers (35/35) in 2.8s
   Finalizing page optimization ...

Route (app)
Γöî Γùï /
Γö£ Γùï /_not-found
Γö£ Γùï /auth/callback
Γö£ Γùï /auth/set-password
Γö£ Γùï /contact
Γö£ Γùï /dashboard
Γö£ Γùï /dashboard/admin/inquiries
Γö£ Γùï /dashboard/admin/legal
Γö£ Γùï /dashboard/admin/legal/create
Γö£ Γùï /dashboard/admin/legal/view
Γö£ Γùï /dashboard/admin/root-ca
Γö£ Γùï /dashboard/admin/smtp-tester
Γö£ Γùï /dashboard/admin/tickets
Γö£ Γùï /dashboard/admin/tickets/view
Γö£ Γùï /dashboard/admin/users
Γö£ Γùï /dashboard/api-keys
Γö£ Γùï /dashboard/certificates
Γö£ Γùï /dashboard/certificates/view
Γö£ Γùï /dashboard/notifications
Γö£ Γùï /dashboard/profile
Γö£ Γùï /dashboard/services
Γö£ Γùï /dashboard/settings
Γö£ Γùï /dashboard/support
Γö£ Γùï /dashboard/support/view
Γö£ Γùï /dashboard/users/view
Γö£ Γùï /error-404
Γö£ Γùï /forgot-password
Γö£ Γùï /legal
Γö£ Γùï /legal/view
Γö£ Γùï /signin
Γö£ Γùï /signup
Γö£ Γùï /tools/chat-id
Γöö Γùï /tools/key-generator


Γùï  (Static)  prerendered as static content

